###############################################################################
#
# IAR ELF Linker V8.40.2.214/W32 for ARM                  23/Aug/2020  22:34:25
# Copyright 2007-2019 IAR Systems AB.
#
#    Output file  =  D:\Radio\new Job\myProject\Debug\Exe\myPrj.out
#    Map file     =  D:\Radio\new Job\myProject\Debug\List\myPrj.map
#    Command line =
#        -f C:\Users\IERIXO~1\AppData\Local\Temp\EW3650.tmp ("D:\Radio\new
#        Job\myProject\Debug\Obj\ADC.o" "D:\Radio\new
#        Job\myProject\Debug\Obj\croutine.o" "D:\Radio\new
#        Job\myProject\Debug\Obj\event_groups.o" "D:\Radio\new
#        Job\myProject\Debug\Obj\heap_2.o" "D:\Radio\new
#        Job\myProject\Debug\Obj\HID.o" "D:\Radio\new
#        Job\myProject\Debug\Obj\list.o" "D:\Radio\new
#        Job\myProject\Debug\Obj\main.o" "D:\Radio\new
#        Job\myProject\Debug\Obj\port.o" "D:\Radio\new
#        Job\myProject\Debug\Obj\portasm.o" "D:\Radio\new
#        Job\myProject\Debug\Obj\queue.o" "D:\Radio\new
#        Job\myProject\Debug\Obj\startup_stm32f103xe.o" "D:\Radio\new
#        Job\myProject\Debug\Obj\stm32f10x_it.o" "D:\Radio\new
#        Job\myProject\Debug\Obj\stream_buffer.o" "D:\Radio\new
#        Job\myProject\Debug\Obj\system_stm32f1xx.o" "D:\Radio\new
#        Job\myProject\Debug\Obj\tasks.o" "D:\Radio\new
#        Job\myProject\Debug\Obj\timers.o" "D:\Radio\new
#        Job\myProject\Debug\Obj\USART.o" --no_out_extension -o "D:\Radio\new
#        Job\myProject\Debug\Exe\myPrj.out" --redirect _Printf=_PrintfFull
#        --redirect _Scanf=_ScanfFull --map "D:\Radio\new
#        Job\myProject\Debug\List\myPrj.map" --config "C:\Program Files
#        (x86)\IAR Systems\Embedded Workbench
#        8.3\arm\config\linker\ST\stm32f103xC.icf" --semihosting --entry
#        __iar_program_start --vfe --text_out locale)
#
###############################################################################

*******************************************************************************
*** RUNTIME MODEL ATTRIBUTES
***

CppFlavor                     = *
__CPP_Exceptions              = Disabled
__CPP_Language                = C++14
__Heap_Handler                = DLMalloc
__SystemLibrary               = DLib
__dlib_dynamic_initialization = normal
__dlib_version                = 6


*******************************************************************************
*** HEAP SELECTION
***

The advanced heap was selected because the application calls memory
allocation functions outside of system library functions, and there
are calls to deallocation functions in the application.


*******************************************************************************
*** PLACEMENT SUMMARY
***

"A0":  place at address 0x800'0000 { ro section .intvec };
"P1":  place in [from 0x800'0000 to 0x803'ffff] { ro };
define block CSTACK with size = 4K, alignment = 8 { };
define block HEAP with size = 4K, alignment = 8 { };
"P2":  place in [from 0x2000'0000 to 0x2000'bfff] {
          rw, block CSTACK, block HEAP };
initialize by copy { rw };

  Section                Kind         Address    Size  Object
  -------                ----         -------    ----  ------
"A0":                                           0x130
  .intvec                ro code   0x800'0000   0x130  startup_stm32f103xe.o [1]
                                 - 0x800'0130   0x130

"P1":                                          0x5de3
  .text                  ro code   0x800'0130  0x149c  dlmalloc.o [2]
  .text                  ro code   0x800'15cc     0x6  abort.o [2]
  .text                  ro code   0x800'15d2    0x3a  zero_init3.o [5]
  .text                  ro code   0x800'160c    0x2c  xgetmemchunk.o [2]
  .text                  ro code   0x800'1638    0x14  exit.o [6]
  .text                  ro code   0x800'164c  0x10c6  xprintffull.o [2]
  .text                  ro code   0x800'2712    0x1e  xencoding_8859_1.o [2]
  .text                  ro code   0x800'2730    0x7c  xlocale_c.o [2]
  .text                  ro code   0x800'27ac    0x16  strchr.o [5]
  .text                  ro code   0x800'27c2     0xa  xsprout.o [2]
  .text                  ro code   0x800'27cc    0x40  xfail_s.o [2]
  .text                  ro code   0x800'280c    0x36  strlen.o [5]
  .rodata                const     0x800'2842     0x2  heap_2.o [1]
  .text                  ro code   0x800'2844    0x58  memchr.o [5]
  .text                  ro code   0x800'289c    0xa6  ABImemcpy.o [5]
  .rodata                const     0x800'2942     0x2  xlocale_c.o [2]
  .text                  ro code   0x800'2944    0x70  frexp.o [4]
  .text                  ro code   0x800'29b4    0x2e  DblCmpLe.o [4]
  .rodata                const     0x800'29e2     0x2  xlocale_c.o [2]
  .text                  ro code   0x800'29e4    0x2e  DblCmpGe.o [4]
  .rodata                const     0x800'2a12     0x1  USART.o [1]
  .rodata                const     0x800'2a13     0x1  unwind_debug.o [6]
  .text                  ro code   0x800'2a14   0x13a  ldexp.o [4]
  .rodata                const     0x800'2b4e     0x1  xlocale_c.o [2]
  .text                  ro code   0x800'2b50    0x3a  DblToS32.o [4]
  .text                  ro code   0x800'2b8c    0x22  S32ToDbl.o [4]
  .text                  ro code   0x800'2bb0    0xe2  DblSub.o [4]
  .text                  ro code   0x800'2c94   0x246  DblDiv.o [4]
  .text                  ro code   0x800'2edc    0x28  DblToU32.o [4]
  .text                  ro code   0x800'2f04    0x1a  U32ToDbl.o [4]
  .text                  ro code   0x800'2f20   0x1a2  DblMul.o [4]
  .text                  ro code   0x800'30c2     0xa  xmbcurmax.o [2]
  .text                  ro code   0x800'30cc   0x230  I64DivMod.o [5]
  .text                  ro code   0x800'32fc   0x17a  DblAdd.o [4]
  .text                  ro code   0x800'3478     0x2  I64DivZer.o [5]
  .text                  ro code   0x800'347c   0x64c  HID.o [1]
  .text                  ro code   0x800'3ac8    0x1a  HID.o [1]
  .text                  ro code   0x800'3ae4   0x5f4  tasks.o [1]
  .text                  ro code   0x800'40d8   0x366  USART.o [1]
  .text                  ro code   0x800'443e    0x24  USART.o [1]
  .text                  ro code   0x800'4462    0x12  USART.o [1]
  .text                  ro code   0x800'4474    0x14  HID.o [1]
  .text                  ro code   0x800'4488     0xa  USART.o [1]
  .text                  ro code   0x800'4492    0x24  HID.o [1]
  .text                  ro code   0x800'44b6    0x7c  USART.o [1]
  .text                  ro code   0x800'4532    0x3a  USART.o [1]
  .text                  ro code   0x800'456c     0xa  USART.o [1]
  .text                  ro code   0x800'4578   0x232  ADC.o [1]
  .text                  ro code   0x800'47ac    0x66  ABImemset.o [5]
  .text                  ro code   0x800'4814    0x40  sprintf.o [2]
  .text                  ro code   0x800'4854     0x8  HID.o [1]
  .text                  ro code   0x800'485c    0xf2  sqrt.o [4]
  .text                  ro code   0x800'494e    0x2a  HID.o [1]
  .text                  ro code   0x800'4978    0x58  cxxabi.o [3]
  .text                  ro code   0x800'49d0     0x8  USART.o [1]
  .text                  ro code   0x800'49d8    0x7a  USART.o [1]
  .text                  ro code   0x800'4a54   0x11c  heap_2.o [1]
  .text                  ro code   0x800'4b70    0x98  list.o [1]
  .text                  ro code   0x800'4c08    0xe4  port.o [1]
  .text                  ro code   0x800'4cec    0x1a  USART.o [1]
  .text                  ro code   0x800'4d06     0xa  USART.o [1]
  .text                  ro code   0x800'4d10     0xe  USART.o [1]
  .text                  ro code   0x800'4d1e    0x18  USART.o [1]
  .text                  ro code   0x800'4d36    0x18  USART.o [1]
  .text                  ro code   0x800'4d4e    0x24  HID.o [1]
  .text                  ro code   0x800'4d72     0xa  USART.o [1]
  .text                  ro code   0x800'4d7c     0xc  USART.o [1]
  .text                  ro code   0x800'4d88    0x94  HID.o [1]
  .text                  ro code   0x800'4e1c    0x22  USART.o [1]
  .text                  ro code   0x800'4e3e    0x6c  USART.o [1]
  .text                  ro code   0x800'4eaa    0x7a  USART.o [1]
  .text                  ro code   0x800'4f24     0xc  USART.o [1]
  .text                  ro code   0x800'4f30    0x12  USART.o [1]
  .text                  ro code   0x800'4f42    0x28  USART.o [1]
  .text                  ro code   0x800'4f6a     0x8  USART.o [1]
  .text                  ro code   0x800'4f72    0x14  USART.o [1]
  .text                  ro code   0x800'4f88     0x6  ABImemclr.o [5]
  .text                  ro code   0x800'4f8e     0x8  USART.o [1]
  .text                  ro code   0x800'4f96    0x14  HID.o [1]
  .text                  ro code   0x800'4faa     0xe  HID.o [1]
  .text                  ro code   0x800'4fb8    0xa0  cppinit.o [2]
  .text                  ro code   0x800'5058    0x18  USART.o [1]
  .text                  ro code   0x800'5070     0xa  USART.o [1]
  .text                  ro code   0x800'507a     0x8  USART.o [1]
  .text                  ro code   0x800'5082     0x8  USART.o [1]
  .text                  ro code   0x800'508a     0x8  USART.o [1]
  .text                  ro code   0x800'5092     0x8  USART.o [1]
  CODE                   ro code   0x800'509c    0x88  portasm.o [1]
  .text                  ro code   0x800'5124    0x2c  USART.o [1]
  .text                  ro code   0x800'5150    0x3c  USART.o [1]
  .text                  ro code   0x800'518c    0x90  USART.o [1]
  .text                  ro code   0x800'521c    0x12  USART.o [1]
  .text                  ro code   0x800'522e    0x86  USART.o [1]
  .text                  ro code   0x800'52b4    0x52  USART.o [1]
  .text                  ro code   0x800'5306    0x6e  HID.o [1]
  .text                  ro code   0x800'5374     0x8  USART.o [1]
  .text                  ro code   0x800'537c    0x12  USART.o [1]
  .text                  ro code   0x800'538e    0x16  HID.o [1]
  .text                  ro code   0x800'53a4    0x10  HID.o [1]
  .text                  ro code   0x800'53b4     0xa  USART.o [1]
  .text                  ro code   0x800'53be    0x12  USART.o [1]
  .text                  ro code   0x800'53d0    0x18  USART.o [1]
  .text                  ro code   0x800'53e8    0xd6  USART.o [1]
  .text                  ro code   0x800'54be     0x8  USART.o [1]
  .text                  ro code   0x800'54c6    0x12  USART.o [1]
  .text                  ro code   0x800'54d8     0x6  USART.o [1]
  .text                  ro code   0x800'54de     0x2  USART.o [1]
  .text                  ro code   0x800'54e0     0x2  USART.o [1]
  .text                  ro code   0x800'54e2     0x2  USART.o [1]
  .text                  ro code   0x800'54e4     0x2  USART.o [1]
  .text                  ro code   0x800'54e6     0x8  HID.o [1]
  .text                  ro code   0x800'54ee    0x1c  USART.o [1]
  .text                  ro code   0x800'550a     0x8  USART.o [1]
  .text                  ro code   0x800'5512     0x2  USART.o [1]
  .text                  ro code   0x800'5514     0xc  USART.o [1]
  .text                  ro code   0x800'5520     0xc  USART.o [1]
  .text                  ro code   0x800'552c     0xe  USART.o [1]
  .text                  ro code   0x800'553a    0x20  USART.o [1]
  .text                  ro code   0x800'555a    0x16  USART.o [1]
  .text                  ro code   0x800'5570    0x96  USART.o [1]
  .text                  ro code   0x800'5606    0x10  USART.o [1]
  .text                  ro code   0x800'5616    0x32  USART.o [1]
  .text                  ro code   0x800'5648     0x2  USART.o [1]
  .text                  ro code   0x800'564c    0x68  memcmp.o [5]
  .text                  ro code   0x800'56b4    0x96  ABImemmove.o [5]
  .text                  ro code   0x800'574a     0x8  USART.o [1]
  .text                  ro code   0x800'5752     0x8  USART.o [1]
  .text                  ro code   0x800'575a     0x2  USART.o [1]
  .text                  ro code   0x800'575c    0x18  USART.o [1]
  .text                  ro code   0x800'5774     0x2  USART.o [1]
  .text                  ro code   0x800'5776     0x4  HID.o [1]
  .text                  ro code   0x800'577a     0x2  USART.o [1]
  .text                  ro code   0x800'577c     0x8  USART.o [1]
  .text                  ro code   0x800'5784     0xa  USART.o [1]
  .text                  ro code   0x800'578e     0x2  USART.o [1]
  .text                  ro code   0x800'5790     0x8  USART.o [1]
  .text                  ro code   0x800'5798    0x12  USART.o [1]
  .text                  ro code   0x800'57aa     0x8  USART.o [1]
  .text                  ro code   0x800'57b2     0x2  USART.o [1]
  .text                  ro code   0x800'57b4    0x2a  USART.o [1]
  .text                  ro code   0x800'57de     0xe  USART.o [1]
  .text                  ro code   0x800'57ec     0x8  USART.o [1]
  .text                  ro code   0x800'57f4     0xe  USART.o [1]
  .text                  ro code   0x800'5802     0x2  USART.o [1]
  .text                  ro code   0x800'5804    0x18  USART.o [1]
  .text                  ro code   0x800'581c     0xa  delop_0.o [3]
  .text                  ro code   0x800'5826     0x8  USART.o [1]
  .text                  ro code   0x800'582e    0x14  USART.o [1]
  .text                  ro code   0x800'5842    0x10  USART.o [1]
  .text                  ro code   0x800'5852     0x8  USART.o [1]
  .text                  ro code   0x800'585a     0x6  USART.o [1]
  .text                  ro code   0x800'5860    0x12  USART.o [1]
  .text                  ro code   0x800'5872    0x20  USART.o [1]
  .text                  ro code   0x800'5892     0x4  heaptramp0.o [2]
  .text                  ro code   0x800'5896     0x2  USART.o [1]
  .text                  ro code   0x800'5898    0x24  newop_0.o [3]
  .text                  ro code   0x800'58bc     0x4  USART.o [1]
  .text                  ro code   0x800'58c0     0x4  nomemory.o [3]
  .text                  ro code   0x800'58c4   0x252  main.o [1]
  .text                  ro code   0x800'5b18    0xc8  stm32f10x_it.o [1]
  .text                  ro code   0x800'5be0    0x78  lz77_init_single.o [5]
  .text                  ro code   0x800'5c58    0x58  system_stm32f1xx.o [1]
  .text                  ro code   0x800'5cb0    0x28  data_init.o [5]
  .iar.init_table        const     0x800'5cd8    0x24  - Linker created -
  .text                  ro code   0x800'5cfc    0x20  cmain_call_ctors.o [5]
  .text                  ro code   0x800'5d1c    0x1e  cmain.o [5]
  .text                  ro code   0x800'5d3a     0x4  low_level_init.o [2]
  .text                  ro code   0x800'5d3e     0x4  exit.o [2]
  .text                  ro code   0x800'5d44     0xe  cexit.o [5]
  .rodata                const     0x800'5d54    0x14  HID.o [1]
  .text                  ro code   0x800'5d68    0x10  startup_stm32f103xe.o [1]
  .rodata                const     0x800'5d78     0xc  main.o [1]
  .text                  ro code   0x800'5d84     0xc  cstartup_M.o [5]
  .rodata                const     0x800'5d90     0x8  HID.o [1]
  .rodata                const     0x800'5d98     0x8  HID.o [1]
  .rodata                const     0x800'5da0     0x8  HID.o [1]
  .rodata                const     0x800'5da8     0x8  HID.o [1]
  .rodata                const     0x800'5db0     0x8  HID.o [1]
  .rodata                const     0x800'5db8     0x8  HID.o [1]
  .rodata                const     0x800'5dc0     0x8  HID.o [1]
  .rodata                const     0x800'5dc8     0x8  HID.o [1]
  .rodata                const     0x800'5dd0     0x8  HID.o [1]
  .rodata                const     0x800'5dd8     0x8  tasks.o [1]
  .text                  ro code   0x800'5de0     0x4  startup_stm32f103xe.o [1]
  .text                  ro code   0x800'5de4     0x4  startup_stm32f103xe.o [1]
  .text                  ro code   0x800'5de8     0x4  startup_stm32f103xe.o [1]
  .text                  ro code   0x800'5dec     0x4  startup_stm32f103xe.o [1]
  .text                  ro code   0x800'5df0     0x4  startup_stm32f103xe.o [1]
  .text                  ro code   0x800'5df4     0x4  startup_stm32f103xe.o [1]
  .text                  ro code   0x800'5df8     0x4  startup_stm32f103xe.o [1]
  .text                  ro code   0x800'5dfc     0x4  startup_stm32f103xe.o [1]
  .text                  ro code   0x800'5e00     0x4  startup_stm32f103xe.o [1]
  .text                  ro code   0x800'5e04     0x4  startup_stm32f103xe.o [1]
  .text                  ro code   0x800'5e08     0x4  startup_stm32f103xe.o [1]
  .text                  ro code   0x800'5e0c     0x4  startup_stm32f103xe.o [1]
  .text                  ro code   0x800'5e10     0x4  startup_stm32f103xe.o [1]
  .text                  ro code   0x800'5e14     0x4  startup_stm32f103xe.o [1]
  .text                  ro code   0x800'5e18     0x4  startup_stm32f103xe.o [1]
  .text                  ro code   0x800'5e1c     0x4  startup_stm32f103xe.o [1]
  .text                  ro code   0x800'5e20     0x4  startup_stm32f103xe.o [1]
  .text                  ro code   0x800'5e24     0x4  startup_stm32f103xe.o [1]
  .text                  ro code   0x800'5e28     0x4  startup_stm32f103xe.o [1]
  .text                  ro code   0x800'5e2c     0x4  startup_stm32f103xe.o [1]
  .text                  ro code   0x800'5e30     0x4  startup_stm32f103xe.o [1]
  .text                  ro code   0x800'5e34     0x4  startup_stm32f103xe.o [1]
  .text                  ro code   0x800'5e38     0x4  startup_stm32f103xe.o [1]
  .text                  ro code   0x800'5e3c     0x4  startup_stm32f103xe.o [1]
  .text                  ro code   0x800'5e40     0x4  startup_stm32f103xe.o [1]
  .text                  ro code   0x800'5e44     0x4  startup_stm32f103xe.o [1]
  .text                  ro code   0x800'5e48     0x4  startup_stm32f103xe.o [1]
  .text                  ro code   0x800'5e4c     0x4  startup_stm32f103xe.o [1]
  .text                  ro code   0x800'5e50     0x4  startup_stm32f103xe.o [1]
  .text                  ro code   0x800'5e54     0x4  startup_stm32f103xe.o [1]
  .text                  ro code   0x800'5e58     0x4  startup_stm32f103xe.o [1]
  .text                  ro code   0x800'5e5c     0x4  startup_stm32f103xe.o [1]
  .text                  ro code   0x800'5e60     0x4  startup_stm32f103xe.o [1]
  .text                  ro code   0x800'5e64     0x4  startup_stm32f103xe.o [1]
  .text                  ro code   0x800'5e68     0x4  startup_stm32f103xe.o [1]
  .text                  ro code   0x800'5e6c     0x4  startup_stm32f103xe.o [1]
  .text                  ro code   0x800'5e70     0x4  startup_stm32f103xe.o [1]
  .text                  ro code   0x800'5e74     0x4  startup_stm32f103xe.o [1]
  .text                  ro code   0x800'5e78     0x4  startup_stm32f103xe.o [1]
  .text                  ro code   0x800'5e7c     0x4  startup_stm32f103xe.o [1]
  .text                  ro code   0x800'5e80     0x4  startup_stm32f103xe.o [1]
  .text                  ro code   0x800'5e84     0x4  startup_stm32f103xe.o [1]
  .text                  ro code   0x800'5e88     0x4  startup_stm32f103xe.o [1]
  .text                  ro code   0x800'5e8c     0x4  startup_stm32f103xe.o [1]
  .text                  ro code   0x800'5e90     0x4  startup_stm32f103xe.o [1]
  .text                  ro code   0x800'5e94     0x4  startup_stm32f103xe.o [1]
  .text                  ro code   0x800'5e98     0x4  startup_stm32f103xe.o [1]
  .text                  ro code   0x800'5e9c     0x4  startup_stm32f103xe.o [1]
  .text                  ro code   0x800'5ea0     0x4  startup_stm32f103xe.o [1]
  .text                  ro code   0x800'5ea4     0x4  startup_stm32f103xe.o [1]
  .text                  ro code   0x800'5ea8     0x4  startup_stm32f103xe.o [1]
  .text                  ro code   0x800'5eac     0x4  startup_stm32f103xe.o [1]
  .text                  ro code   0x800'5eb0     0x4  startup_stm32f103xe.o [1]
  .text                  ro code   0x800'5eb4     0x4  startup_stm32f103xe.o [1]
  .text                  ro code   0x800'5eb8     0x4  startup_stm32f103xe.o [1]
  .text                  ro code   0x800'5ebc     0x4  startup_stm32f103xe.o [1]
  .text                  ro code   0x800'5ec0     0x4  startup_stm32f103xe.o [1]
  .text                  ro code   0x800'5ec4     0x4  startup_stm32f103xe.o [1]
  .text                  ro code   0x800'5ec8     0x4  startup_stm32f103xe.o [1]
  .text                  ro code   0x800'5ecc     0x4  startup_stm32f103xe.o [1]
  .text                  ro code   0x800'5ed0     0x4  startup_stm32f103xe.o [1]
  .text                  ro code   0x800'5ed4     0x4  startup_stm32f103xe.o [1]
  SHT$$PREINIT_ARRAY               0x800'5ed8     0x0  <Block>
  SHT$$INIT_ARRAY                  0x800'5ed8     0x4  <Block>
    .init_array          const     0x800'5ed8     0x4  main.o [1]
  __iar_tls$$INIT_ARRAY            0x800'5edc     0x0  <Block>
  .text                  ro code   0x800'5edc     0x0  cstart_call_dtors.o [5]
  .rodata                const     0x800'5edc     0x0  zero_init3.o [5]
  .rodata                const     0x800'5edc     0x0  lz77_init_single.o [5]
  Initializer bytes      const     0x800'5edc    0x37  <for P2-1>
                                 - 0x800'5f13  0x5de3

"P2", part 1 of 3:                               0x88
  P2-1                            0x2000'0000    0x88  <Init block>
    .data                inited   0x2000'0000     0x4  heap_2.o [1]
    .data                inited   0x2000'0004     0x4  port.o [1]
    .data                inited   0x2000'0008    0x38  xlocale_c.o [2]
    .data                inited   0x2000'0040    0x48  xlocale_c.o [2]
                                - 0x2000'0088    0x88

"P2", part 2 of 3:                             0x48fc
  .bss                   zero     0x2000'0088  0x4400  heap_2.o [1]
  .bss                   zero     0x2000'4488   0x1d8  dlmalloc.o [2]
  .bss                   zero     0x2000'4660    0xd0  main.o [1]
  .bss                   zero     0x2000'4730    0xa4  main.o [1]
  .bss                   zero     0x2000'47d4    0x6c  main.o [1]
  .bss                   zero     0x2000'4840    0x64  tasks.o [1]
  .bss                   zero     0x2000'48a4    0x18  dlmalloc.o [2]
  .bss                   zero     0x2000'48bc    0x14  tasks.o [1]
  .bss                   zero     0x2000'48d0    0x14  tasks.o [1]
  .bss                   zero     0x2000'48e4    0x14  tasks.o [1]
  .bss                   zero     0x2000'48f8    0x14  tasks.o [1]
  .bss                   zero     0x2000'490c    0x14  tasks.o [1]
  .bss                   zero     0x2000'4920     0x8  heap_2.o [1]
  .bss                   zero     0x2000'4928     0x8  heap_2.o [1]
  .bss                   zero     0x2000'4930     0x4  heap_2.o [1]
  .bss                   zero     0x2000'4934     0x4  tasks.o [1]
  .bss                   zero     0x2000'4938     0x4  tasks.o [1]
  .bss                   zero     0x2000'493c     0x4  tasks.o [1]
  .bss                   zero     0x2000'4940     0x4  tasks.o [1]
  .bss                   zero     0x2000'4944     0x4  tasks.o [1]
  .bss                   zero     0x2000'4948     0x4  tasks.o [1]
  .bss                   zero     0x2000'494c     0x4  tasks.o [1]
  .bss                   zero     0x2000'4950     0x4  tasks.o [1]
  .bss                   zero     0x2000'4954     0x4  tasks.o [1]
  .bss                   zero     0x2000'4958     0x4  tasks.o [1]
  .bss                   zero     0x2000'495c     0x4  tasks.o [1]
  .bss                   zero     0x2000'4960     0x4  tasks.o [1]
  .bss                   zero     0x2000'4964     0x4  tasks.o [1]
  .bss                   zero     0x2000'4968     0x4  tasks.o [1]
  .bss                   zero     0x2000'496c     0x4  tasks.o [1]
  .bss                   zero     0x2000'4970     0x4  cppinit.o [2]
  .bss                   zero     0x2000'4974     0x4  cppinit.o [2]
  .bss                   zero     0x2000'4978     0x4  new.o [3]
  .bss                   zero     0x2000'497c     0x4  xfail_s.o [2]
  .bss                   zero     0x2000'4980     0x4  xgetmemchunk.o [2]
                                - 0x2000'4984  0x48fc

"P2", part 3 of 3:                             0x21a4
  .iar.dynexit                    0x2000'4984   0x1a4  <Block>
    .iar.dynexit         uninit   0x2000'4984     0xc  cppinit.o [2]
    .iar.dynexit         uninit   0x2000'4990   0x198  <Block tail>
  CSTACK                          0x2000'4b28  0x1000  <Block>
    CSTACK               uninit   0x2000'4b28  0x1000  <Block tail>
  HEAP                            0x2000'5b28  0x1000  <Block>
    HEAP                 uninit   0x2000'5b28  0x1000  <Block tail>
                                - 0x2000'6b28  0x21a4

Unused ranges:

         From           To      Size
         ----           --      ----
   0x800'5f13   0x803'ffff  0x3'a0ed
  0x2000'6b28  0x2000'bfff    0x54d8


*******************************************************************************
*** INIT TABLE
***

          Address      Size
          -------      ----
Zero (__iar_zero_init3)
    1 destination range, total size 0x48fc:
          0x2000'0088  0x48fc

Copy/lz77 (__iar_lz77_init_single3)
    1 source range, total size 0x37 (40% of destination):
           0x800'5edc    0x37
    1 destination range, total size 0x88:
          0x2000'0000    0x88

Extra (__iar_cstart_call_ctors)



*******************************************************************************
*** MODULE SUMMARY
***

    Module                 ro code  ro data  rw data
    ------                 -------  -------  -------
command line/config:
    ------------------------------------------------
    Total:

D:\Radio\new Job\myProject\Debug\Obj: [1]
    ADC.o                      562
    HID.o                    2'122       92
    USART.o                  3'294        1
    heap_2.o                   284        3   17'432
    list.o                     152
    main.o                     594       16      480
    port.o                     228        2        4
    portasm.o                  136
    startup_stm32f103xe.o      568
    stm32f10x_it.o             200
    system_stm32f1xx.o          88
    tasks.o                  1'524        8      260
    ------------------------------------------------
    Total:                   9'752      122   18'176

dl7M_tlf.a: [2]
    abort.o                      6
    cppinit.o                  160                20
    dlmalloc.o               5'276               496
    exit.o                       4
    heaptramp0.o                 4
    low_level_init.o             4
    sprintf.o                   64
    xencoding_8859_1.o          30
    xfail_s.o                   64                 4
    xgetmemchunk.o              44                 4
    xlocale_c.o                124       57      128
    xmbcurmax.o                 10
    xprintffull.o            4'294
    xsprout.o                   10
    ------------------------------------------------
    Total:                  10'094       57      652

dlpp7M_tl_fc.a: [3]
    cxxabi.o                    88
    delop_0.o                   10
    new.o                                          4
    newop_0.o                   36
    nomemory.o                   4
    ------------------------------------------------
    Total:                     138                 4

m7M_tl.a: [4]
    DblAdd.o                   378
    DblCmpGe.o                  46
    DblCmpLe.o                  46
    DblDiv.o                   582
    DblMul.o                   418
    DblSub.o                   226
    DblToS32.o                  58
    DblToU32.o                  40
    S32ToDbl.o                  34
    U32ToDbl.o                  26
    frexp.o                    112
    ldexp.o                    314
    sqrt.o                     242
    ------------------------------------------------
    Total:                   2'522

rt7M_tl.a: [5]
    ABImemclr.o                  6
    ABImemcpy.o                166
    ABImemmove.o               150
    ABImemset.o                102
    I64DivMod.o                560
    I64DivZer.o                  2
    cexit.o                     14
    cmain.o                     30
    cmain_call_ctors.o          32
    cstart_call_dtors.o
    cstartup_M.o                12
    data_init.o                 40
    lz77_init_single.o         120
    memchr.o                    88
    memcmp.o                   104
    strchr.o                    22
    strlen.o                    54
    zero_init3.o                58
    ------------------------------------------------
    Total:                   1'560

shb_l.a: [6]
    exit.o                      20
    unwind_debug.o                        1
    ------------------------------------------------
    Total:                      20        1

    Gaps                        35        2
    Linker created                       36    8'600
----------------------------------------------------
    Grand Total:            24'121      218   27'432


*******************************************************************************
*** ENTRY LIST
***

Entry                       Address    Size  Type      Object
-----                       -------    ----  ----      ------
.iar.dynexit$$Base      0x2000'4984           --   Gb  - Linker created -
.iar.dynexit$$Limit     0x2000'4b28           --   Gb  - Linker created -
.iar.init_table$$Base    0x800'5cd8           --   Gb  - Linker created -
.iar.init_table$$Limit   0x800'5cfc           --   Gb  - Linker created -
?main                    0x800'5d1d          Code  Gb  cmain.o [5]
ADC1_2_IRQHandler        0x800'5bad    0x14  Code  Gb  stm32f10x_it.o [1]
ADC_EOC                  0x800'5b15     0x2  Code  Gb  main.o [1]
ADC_Fin                  0x800'5ab1    0x12  Code  Gb  main.o [1]
CSTACK$$Base            0x2000'4b28           --   Gb  - Linker created -
CSTACK$$Limit           0x2000'5b28           --   Gb  - Linker created -
CacheMore                0x800'2735    0x28  Code  Lc  xlocale_c.o [2]
DMA1_Channel1_IRQHandler
                         0x800'5b85    0x28  Code  Gb  stm32f10x_it.o [1]
DMA1_Channel4_IRQHandler
                         0x800'5b5b    0x2a  Code  Gb  stm32f10x_it.o [1]
DMA1_Init()              0x800'5a71    0x28  Code  Gb  main.o [1]
DtorRecArray            0x2000'4984     0xc  Data  Lc  cppinit.o [2]
HEAP$$Base              0x2000'5b28           --   Gb  - Linker created -
HEAP$$Limit             0x2000'6b28           --   Gb  - Linker created -
HID::HID(USART &, cADC &)
                         0x800'39b9    0x14  Code  Gb  HID.o [1]
HID::Parser()            0x800'34e9   0x182  Code  Gb  HID.o [1]
HID::action()            0x800'3739   0x1c6  Code  Gb  HID.o [1]
HID::calcAVG()           0x800'3975    0x44  Code  Gb  HID.o [1]
HID::calcRMS()           0x800'3911    0x64  Code  Gb  HID.o [1]
HID::sepCMD(std::string)
                         0x800'366b    0xc2  Code  Gb  HID.o [1]
HID::vTaskHID()          0x800'347d    0x6c  Code  Gb  HID.o [1]
HID::~HID()              0x800'39cd    0x10  Code  Gb  HID.o [1]
PendSV_Handler           0x800'509d          Code  Gb  portasm.o [1]
RCC_Deinit()             0x800'59f3    0x5a  Code  Gb  main.o [1]
Region$$Table$$Base      0x800'5cd8           --   Gb  - Linker created -
Region$$Table$$Limit     0x800'5cfc           --   Gb  - Linker created -
SHT$$INIT_ARRAY$$Base    0x800'5ed8           --   Gb  - Linker created -
SHT$$INIT_ARRAY$$Limit   0x800'5edc           --   Gb  - Linker created -
SHT$$PREINIT_ARRAY$$Base
                         0x800'5ed8           --   Gb  - Linker created -
SHT$$PREINIT_ARRAY$$Limit
                         0x800'5ed8           --   Gb  - Linker created -
SVC_Handler              0x800'50e3          Code  Gb  portasm.o [1]
SysTick_Handler          0x800'4c8d    0x28  Code  Gb  port.o [1]
SysTick_Init()           0x800'5a4d    0x24  Code  Gb  main.o [1]
SystemClockInit()        0x800'5967    0x8c  Code  Gb  main.o [1]
SystemInit               0x800'5c59    0x3e  Code  Gb  system_stm32f1xx.o [1]
USART1_Data              0x800'5a99     0xe  Code  Gb  main.o [1]
USART1_IRQHandler        0x800'5b19    0x42  Code  Gb  stm32f10x_it.o [1]
USART::Init()            0x800'40f5   0x136  Code  Gb  USART.o [1]
USART::TxEnd()           0x800'4347    0x14  Code  Gb  USART.o [1]
USART::USART(unsigned short, unsigned int)
                         0x800'437d    0x4c  Code  Gb  USART.o [1]
USART::WriteString()     0x800'42d3    0x3c  Code  Gb  USART.o [1]
USART::WriteString(std::string)
                         0x800'430f    0x38  Code  Gb  USART.o [1]
USART::inByte(unsigned char)
                         0x800'422b    0xa8  Code  Gb  USART.o [1]
USART::newCMD()          0x800'435b     0x6  Code  Gb  USART.o [1]
USART::readCMD()         0x800'4361    0x1c  Code  Gb  USART.o [1]
USART::~USART()          0x800'4419    0x26  Code  Gb  USART.o [1]
USARTtx_Fin              0x800'5aa7     0xa  Code  Gb  main.o [1]
Uart                    0x2000'47d4    0x6c  Data  Gb  main.o [1]
[local to USART_cpp]::__NVIC_EnableIRQ(IRQn_Type)
                         0x800'40d9    0x1c  Code  Lc  USART.o [1]
[local to main_cpp]::__NVIC_EnableIRQ(IRQn_Type)
                         0x800'5903    0x1c  Code  Lc  main.o [1]
_Encoding_8859_1_Mbrlen
                         0x800'2725     0x2  Code  Gb  xencoding_8859_1.o [2]
_Encoding_8859_1_Wctomb
                         0x800'2713    0x12  Code  Gb  xencoding_8859_1.o [2]
_LitobFull               0x800'255f   0x10a  Code  Lc  xprintffull.o [2]
_Locale_lconv           0x2000'0008    0x38  Data  Lc  xlocale_c.o [2]
_PrintfFull              0x800'164d   0xcc4  Code  Gb  xprintffull.o [2]
_PutcharsFull            0x800'26d1    0x2e  Code  Lc  xprintffull.o [2]
_PutstrFull              0x800'249f    0xc0  Code  Lc  xprintffull.o [2]
_PuttxtFull              0x800'2393   0x10c  Code  Lc  xprintffull.o [2]
_SProut                  0x800'27c3     0xa  Code  Gb  xsprout.o [2]
__aeabi_atexit           0x800'49c7     0xa  Code  Gb  cxxabi.o [3]
__aeabi_cdcmple          0x800'29b5          Code  Gb  DblCmpLe.o [4]
__aeabi_cdrcmple         0x800'29e5          Code  Gb  DblCmpGe.o [4]
__aeabi_d2iz             0x800'2b51          Code  Gb  DblToS32.o [4]
__aeabi_d2uiz            0x800'2edd          Code  Gb  DblToU32.o [4]
__aeabi_dadd             0x800'32fd          Code  Gb  DblAdd.o [4]
__aeabi_ddiv             0x800'2c95          Code  Gb  DblDiv.o [4]
__aeabi_dmul             0x800'2f21          Code  Gb  DblMul.o [4]
__aeabi_dsub             0x800'2bb1          Code  Gb  DblSub.o [4]
__aeabi_i2d              0x800'2b8d          Code  Gb  S32ToDbl.o [4]
__aeabi_ldiv0            0x800'3479          Code  Gb  I64DivZer.o [5]
__aeabi_memclr           0x800'4f89          Code  Gb  ABImemclr.o [5]
__aeabi_memcpy           0x800'289d          Code  Gb  ABImemcpy.o [5]
__aeabi_memcpy4          0x800'28bd          Code  Gb  ABImemcpy.o [5]
__aeabi_memcpy8          0x800'28bd          Code  Gb  ABImemcpy.o [5]
__aeabi_memmove          0x800'56b5          Code  Gb  ABImemmove.o [5]
__aeabi_memmove4         0x800'56b5          Code  Gb  ABImemmove.o [5]
__aeabi_memmove8         0x800'56b5          Code  Gb  ABImemmove.o [5]
__aeabi_memset           0x800'47ad          Code  Gb  ABImemset.o [5]
__aeabi_ui2d             0x800'2f05          Code  Gb  U32ToDbl.o [4]
__aeabi_uldivmod         0x800'30cd          Code  Gb  I64DivMod.o [5]
__aeabi_vec_ctor_nocookie_nodtor
                         0x800'4979    0x28  Code  Gb  cxxabi.o [3]
__aeabi_vec_dtor         0x800'49a1    0x26  Code  Gb  cxxabi.o [3]
__call_ctors             0x800'4fb9    0x18  Code  Gb  cppinit.o [2]
__call_dtors             0x800'5007     0xc  Code  Gb  cppinit.o [2]
__call_dtors0            0x800'5013    0x36  Code  Gb  cppinit.o [2]
__cexit_call_dtors       0x800'5d47          Code  Gb  cexit.o [5]
__cmain                  0x800'5d1d          Code  Gb  cmain.o [5]
__cstart_call_dtors      0x800'5edc          Data  Gb  cstart_call_dtors.o [5]
__cxa_atexit             0x800'4fd1    0x36  Code  Gb  cppinit.o [2]
__data_GetMemChunk       0x800'160d    0x2c  Code  Gb  xgetmemchunk.o [2]
__data_GetMemChunk::start
                        0x2000'4980     0x4  Data  Lc  xgetmemchunk.o [2]
__dso_handle            0x2000'4974     0x4  Data  Gb  cppinit.o [2]
__exit                   0x800'1639    0x14  Code  Gb  exit.o [6]
__iar_Fail_s             0x800'27cd    0x1c  Code  Gb  xfail_s.o [2]
__iar_Mbcurmax           0x800'30c3     0xa  Code  Gb  xmbcurmax.o [2]
__iar_Memchr             0x800'2845          Code  Gb  memchr.o [5]
__iar_Memset             0x800'47ad          Code  Gb  ABImemset.o [5]
__iar_Memset_word        0x800'47b5          Code  Gb  ABImemset.o [5]
__iar_Strchr             0x800'27ad          Code  Gb  strchr.o [5]
__iar_cstart_call_ctors
                         0x800'5cfd    0x20  Code  Gb  cmain_call_ctors.o [5]
__iar_dadd               0x800'2bc1          Code  Gb  DblSub.o [4]
__iar_data_init3         0x800'5cb1    0x28  Code  Gb  data_init.o [5]
__iar_debug_exceptions   0x800'2a13     0x1  Data  Gb  unwind_debug.o [6]
__iar_dlfree             0x800'10a7   0x51e  Code  Gb  dlmalloc.o [2]
__iar_dlmalloc           0x800'01b9   0xeee  Code  Gb  dlmalloc.o [2]
__iar_dsub               0x800'330d          Code  Gb  DblAdd.o [4]
__iar_dsubStart          0x800'331f          Code  Gb  DblAdd.o [4]
__iar_frexp              0x800'2951          Code  Gb  frexp.o [4]
__iar_frexp64            0x800'2945          Code  Gb  frexp.o [4]
__iar_frexpl             0x800'2951          Code  Gb  frexp.o [4]
__iar_globLocale        0x2000'0040    0x48  Data  Lc  xlocale_c.o [2]
__iar_global_Locale      0x800'2731     0x4  Code  Gb  xlocale_c.o [2]
__iar_ldexp64            0x800'2a15          Code  Gb  ldexp.o [4]
__iar_lz77_init_single3
                         0x800'5be1    0x78  Code  Gb  lz77_init_single.o [5]
__iar_program_start      0x800'5d85          Code  Gb  cstartup_M.o [5]
__iar_scalbln64          0x800'2a15          Code  Gb  ldexp.o [4]
__iar_scalbn64           0x800'2a15          Code  Gb  ldexp.o [4]
__iar_sqrt64             0x800'485d          Code  Gb  sqrt.o [4]
__iar_tls$$INIT_ARRAY$$Base
                         0x800'5edc           --   Gb  - Linker created -
__iar_tls$$INIT_ARRAY$$Limit
                         0x800'5edc           --   Gb  - Linker created -
__iar_zero_init3         0x800'15d3    0x3a  Code  Gb  zero_init3.o [5]
__low_level_init         0x800'5d3b     0x4  Code  Gb  low_level_init.o [2]
__sti__routine           0x800'58c5    0x3e  Code  Lc  main.o [1]
__vector_table           0x800'0000          Data  Gb  startup_stm32f103xe.o [1]
_call_main               0x800'5d29          Code  Gb  cmain.o [5]
_exit                    0x800'5d45          Code  Gb  cexit.o [5]
_gLocale_mblen           0x800'2799     0x4  Code  Gb  xlocale_c.o [2]
_gLocale_mblenInt        0x800'275d    0x2c  Code  Gb  xlocale_c.o [2]
_gLocale_wctomb          0x800'279d     0x4  Code  Gb  xlocale_c.o [2]
_gLocale_wctombInt       0x800'2795     0x4  Code  Gb  xlocale_c.o [2]
_gm_                    0x2000'4488   0x1d8  Data  Lc  dlmalloc.o [2]
_main                    0x800'5d37          Code  Gb  cmain.o [5]
abort                    0x800'15cd     0x6  Code  Gb  abort.o [2]
bool std::operator !=<std::allocator<char>, std::allocator<char>>(std::_Wrap_alloc<std::allocator<char>> const &, const std::_Wrap_alloc<std::allocator<char>>&)
                         0x800'4f97    0x14  Code  Gb  HID.o [1]
bool std::operator ==<char, char>(const std::allocator<char>&, const std::allocator<char>&)
                         0x800'5777     0x4  Code  Gb  HID.o [1]
bool std::operator ==<char, std::char_traits<char>, std::allocator<char>>(const std::string&, char const *)
                         0x800'4475    0x14  Code  Gb  HID.o [1]
bool std::operator ==<std::allocator<char>, std::allocator<char>>(std::_Wrap_alloc<std::allocator<char>> const &, const std::_Wrap_alloc<std::allocator<char>>&)
                         0x800'54e7     0x8  Code  Gb  HID.o [1]
cADC::ChanelSet(unsigned int)
                         0x800'469b    0x58  Code  Gb  ADC.o [1]
cADC::Init()             0x800'4579   0x122  Code  Gb  ADC.o [1]
cADC::StartConv()        0x800'46f3    0x30  Code  Gb  ADC.o [1]
cADC::StopConv()         0x800'4723    0x28  Code  Gb  ADC.o [1]
cADC::cADC()             0x800'4791    0x18  Code  Gb  ADC.o [1]
cADC::~cADC()            0x800'47a9     0x2  Code  Gb  ADC.o [1]
char * && std::forward<char *>(std::remove_reference<char *>::type &)
                         0x800'5803     0x2  Code  Gb  USART.o [1]
char * std::_Addressof<char>(char &, std::integral_constant<bool, (bool)0>)
                         0x800'5513     0x2  Code  Gb  USART.o [1]
char * std::_Allocate<char>(unsigned int, char *, bool)
                         0x800'5861    0x12  Code  Gb  USART.o [1]
char * std::addressof<char>(char &)
                         0x800'508b     0x8  Code  Gb  USART.o [1]
const std::allocator<char>& && std::forward<const std::allocator<char>&>(std::remove_reference<const std::allocator<char>&>::type &)
                         0x800'577b     0x2  Code  Gb  USART.o [1]
exit                     0x800'5d3f     0x4  Code  Gb  exit.o [2]
free                     0x800'5893     0x4  Code  Gb  heaptramp0.o [2]
frexp                    0x800'2945          Code  Gb  frexp.o [4]
frexpl                   0x800'2945          Code  Gb  frexp.o [4]
heapSTRUCT_SIZE          0x800'2842     0x2  Data  Lc  heap_2.o [1]
init_mparams             0x800'014b    0x2c  Code  Lc  dlmalloc.o [2]
init_top                 0x800'0177    0x34  Code  Lc  dlmalloc.o [2]
ldexp                    0x800'2a15          Code  Gb  ldexp.o [4]
ldexpl                   0x800'2a15          Code  Gb  ldexp.o [4]
list::Clear()            0x800'3a0b    0x28  Code  Gb  HID.o [1]
list::list()             0x800'3a43    0x2a  Code  Gb  HID.o [1]
list::operator +=(std::string)
                         0x800'39dd    0x2e  Code  Gb  HID.o [1]
list::operator [](unsigned int)
                         0x800'3a33    0x10  Code  Gb  HID.o [1]
list::~list()            0x800'3a75    0x1c  Code  Gb  HID.o [1]
localeconv               0x800'27a1     0x4  Code  Gb  xlocale_c.o [2]
main                     0x800'591f    0x3c  Code  Gb  main.o [1]
memchr                   0x800'2845          Code  Gb  memchr.o [5]
memcmp                   0x800'564d          Code  Gb  memcmp.o [5]
mparams                 0x2000'48a4    0x18  Data  Lc  dlmalloc.o [2]
next_abi_dtor_rec       0x2000'4970     0x4  Data  Lc  cppinit.o [2]
objADC                  0x2000'4660    0xd0  Data  Gb  main.o [1]
objHID                  0x2000'4730    0xa4  Data  Gb  main.o [1]
operator delete (void *)
                         0x800'581d     0xa  Code  Gb  delop_0.o [3]
operator new (unsigned int)
                         0x800'5899    0x24  Code  Gb  newop_0.o [3]
operator new (unsigned int, void *)
                         0x800'58bd     0x4  Code  Gb  USART.o [1]
prvAddCurrentTaskToDelayedList
                         0x800'4029    0x6e  Code  Lc  tasks.o [1]
prvAddNewTaskToReadyList
                         0x800'3be7    0x9a  Code  Lc  tasks.o [1]
prvCheckTasksWaitingTermination
                         0x800'3f89    0x36  Code  Lc  tasks.o [1]
prvDeleteTCB             0x800'3fbf    0x12  Code  Lc  tasks.o [1]
prvHeapInit              0x800'4b39    0x20  Code  Lc  heap_2.o [1]
prvIdleTask              0x800'3f15    0x22  Code  Lc  tasks.o [1]
prvInitialiseNewTask     0x800'3b51    0x96  Code  Lc  tasks.o [1]
prvInitialiseTaskLists   0x800'3f37    0x52  Code  Lc  tasks.o [1]
prvResetNextTaskUnblockTime
                         0x800'3fd1    0x28  Code  Lc  tasks.o [1]
prvTaskExitError         0x800'4c29    0x10  Code  Lc  port.o [1]
pvPortMalloc             0x800'4a55    0xa8  Code  Gb  heap_2.o [1]
pvPortMalloc::xHeapHasBeenInitialised
                        0x2000'4930     0x4  Data  Lc  heap_2.o [1]
pxCurrentTCB            0x2000'4934     0x4  Data  Gb  tasks.o [1]
pxDelayedTaskList       0x2000'4938     0x4  Data  Lc  tasks.o [1]
pxOverflowDelayedTaskList
                        0x2000'493c     0x4  Data  Lc  tasks.o [1]
pxPortInitialiseStack    0x800'4c09    0x20  Code  Gb  port.o [1]
pxReadyTasksLists       0x2000'4840    0x64  Data  Lc  tasks.o [1]
scalbln                  0x800'2a15          Code  Gb  ldexp.o [4]
scalblnl                 0x800'2a15          Code  Gb  ldexp.o [4]
scalbn                   0x800'2a15          Code  Gb  ldexp.o [4]
scalbnl                  0x800'2a15          Code  Gb  ldexp.o [4]
scale                    0x800'2669    0x46  Code  Lc  xprintffull.o [2]
sec_hand                0x2000'497c     0x4  Data  Lc  xfail_s.o [2]
segment_holding          0x800'0131    0x1a  Code  Lc  dlmalloc.o [2]
sprintf                  0x800'4815    0x40  Code  Gb  sprintf.o [2]
sqrt                     0x800'485d          Code  Gb  sqrt.o [4]
sqrtl                    0x800'485d          Code  Gb  sqrt.o [4]
std::_Compressed_pair<std::_Wrap_alloc<std::allocator<char>>, std::_String_val<std::_Simple_types<char>>, (bool)1>::_Compressed_pair<const std::allocator<char>&, >(std::_One_then_variadic_args_t, const std::allocator<char>& &&,  &&...)
                         0x800'54ef    0x1c  Code  Gb  USART.o [1]
std::_Compressed_pair<std::_Wrap_alloc<std::allocator<char>>, std::_String_val<std::_Simple_types<char>>, (bool)1>::_Get_first()
                         0x800'54e5     0x2  Code  Gb  USART.o [1]
std::_Compressed_pair<std::_Wrap_alloc<std::allocator<char>>, std::_String_val<std::_Simple_types<char>>, (bool)1>::_Get_first() const
                         0x800'54df     0x2  Code  Gb  USART.o [1]
std::_Compressed_pair<std::_Wrap_alloc<std::allocator<char>>, std::_String_val<std::_Simple_types<char>>, (bool)1>::_Get_second()
                         0x800'5775     0x2  Code  Gb  USART.o [1]
std::_Compressed_pair<std::_Wrap_alloc<std::allocator<char>>, std::_String_val<std::_Simple_types<char>>, (bool)1>::_Get_second() const
                         0x800'5649     0x2  Code  Gb  USART.o [1]
std::_Iterator_base0::_Adopt(void const *)
                         0x800'5897     0x2  Code  Gb  USART.o [1]
std::_NomemoryNothrow()
                         0x800'58c1     0x4  Code  Gb  nomemory.o [3]
std::_String_alloc<std::_String_base_types<char, std::allocator<char>>>::_Bx()
                         0x800'507b     0x8  Code  Gb  USART.o [1]
std::_String_alloc<std::_String_base_types<char, std::allocator<char>>>::_Get_data()
                         0x800'54bf     0x8  Code  Gb  USART.o [1]
std::_String_alloc<std::_String_base_types<char, std::allocator<char>>>::_Get_data() const
                         0x800'5375     0x8  Code  Gb  USART.o [1]
std::_String_alloc<std::_String_base_types<char, std::allocator<char>>>::_Getal()
                         0x800'4f8f     0x8  Code  Gb  USART.o [1]
std::_String_alloc<std::_String_base_types<char, std::allocator<char>>>::_Getal() const
                         0x800'4f6b     0x8  Code  Gb  USART.o [1]
std::_String_alloc<std::_String_base_types<char, std::allocator<char>>>::_Myptr()
                         0x800'4f25     0xc  Code  Gb  USART.o [1]
std::_String_alloc<std::_String_base_types<char, std::allocator<char>>>::_Myptr() const
                         0x800'4d7d     0xc  Code  Gb  USART.o [1]
std::_String_alloc<std::_String_base_types<char, std::allocator<char>>>::_Myptr2()
                         0x800'5521     0xc  Code  Gb  USART.o [1]
std::_String_alloc<std::_String_base_types<char, std::allocator<char>>>::_Myres()
                         0x800'5071     0xa  Code  Gb  USART.o [1]
std::_String_alloc<std::_String_base_types<char, std::allocator<char>>>::_Mysize()
                         0x800'53b5     0xa  Code  Gb  USART.o [1]
std::_String_alloc<std::_String_base_types<char, std::allocator<char>>>::_Mysize() const
                         0x800'4d73     0xa  Code  Gb  USART.o [1]
std::_String_alloc<std::_String_base_types<char, std::allocator<char>>>::_String_alloc(const std::allocator<char>&)
                         0x800'5059    0x18  Code  Gb  USART.o [1]
std::_String_alloc<std::_String_base_types<char, std::allocator<char>>>::_String_alloc(const std::allocator<char>&) [subobject]
                         0x800'49d1     0x8  Code  Gb  USART.o [1]
std::_String_const_iterator<std::_String_val<std::_Simple_types<char>>>::_Compat(const std::_String_const_iterator<std::_String_val<std::_Simple_types<char>>>&) const
                         0x800'57b3     0x2  Code  Gb  USART.o [1]
std::_String_const_iterator<std::_String_val<std::_Simple_types<char>>>::_String_const_iterator(char const *, std::_Container_base0 const *)
                         0x800'582f    0x14  Code  Gb  USART.o [1]
std::_String_const_iterator<std::_String_val<std::_Simple_types<char>>>::_String_const_iterator(char const *, std::_Container_base0 const *) [subobject]
                         0x800'57ab     0x8  Code  Gb  USART.o [1]
std::_String_const_iterator<std::_String_val<std::_Simple_types<char>>>::operator +=(int)
                         0x800'5853     0x8  Code  Gb  USART.o [1]
std::_String_const_iterator<std::_String_val<std::_Simple_types<char>>>::operator -(const std::_String_const_iterator<std::_String_val<std::_Simple_types<char>>>&) const
                         0x800'555b    0x16  Code  Gb  USART.o [1]
std::_String_iterator<std::_String_val<std::_Simple_types<char>>>::_String_iterator(char *, std::_Container_base0 const *)
                         0x800'552d     0xe  Code  Gb  USART.o [1]
std::_String_iterator<std::_String_val<std::_Simple_types<char>>>::operator +(int) const
                         0x800'5607    0x10  Code  Gb  USART.o [1]
std::_String_iterator<std::_String_val<std::_Simple_types<char>>>::operator +=(int)
                         0x800'57df     0xe  Code  Gb  USART.o [1]
std::_String_val<std::_Simple_types<char>>::_Myptr()
                         0x800'54c7    0x12  Code  Gb  USART.o [1]
std::_String_val<std::_Simple_types<char>>::_Myptr() const
                         0x800'537d    0x12  Code  Gb  USART.o [1]
std::_String_val<std::_Simple_types<char>>::_Myptr2()
                         0x800'5799    0x12  Code  Gb  USART.o [1]
std::_String_val<std::_Simple_types<char>>::_String_val()
                         0x800'5785     0xa  Code  Gb  USART.o [1]
std::_Wrap_alloc<std::allocator<char>>::_Wrap_alloc(const std::allocator<char>&)
                         0x800'54e3     0x2  Code  Gb  USART.o [1]
std::_Wrap_alloc<std::allocator<char>>::_Wrap_alloc(const std::allocator<char>&) [subobject]
                         0x800'577d     0x8  Code  Gb  USART.o [1]
std::_Wrap_alloc<std::allocator<char>>::allocate(unsigned int)
                         0x800'5753     0x8  Code  Gb  USART.o [1]
std::_Wrap_alloc<std::allocator<char>>::deallocate(char *, unsigned int)
                         0x800'5093     0x8  Code  Gb  USART.o [1]
std::_Wrap_alloc<std::allocator<char>>::max_size(std::_Nil) const
                         0x800'574b     0x8  Code  Gb  USART.o [1]
std::_Wrap_alloc<std::allocator<char>>::select_on_container_copy_construction(std::_Nil) const
                         0x800'4f73    0x14  Code  Gb  USART.o [1]
std::__iar_New_hand     0x2000'4978     0x4  Data  Gb  new.o [3]
std::allocator<char>::allocate(unsigned int)
                         0x800'57f5     0xe  Code  Gb  USART.o [1]
std::allocator<char>::deallocate(char *, unsigned int)
                         0x800'5515     0xc  Code  Gb  USART.o [1]
std::allocator<char>::max_size() const
                         0x800'585b     0x6  Code  Gb  USART.o [1]
std::allocator_traits<std::allocator<char>>::max_size(const std::allocator<char>&)
                         0x800'57ed     0x8  Code  Gb  USART.o [1]
std::allocator_traits<std::allocator<char>>::select_on_container_copy_construction(const std::allocator<char>&)
                         0x800'54e1     0x2  Code  Gb  USART.o [1]
std::char_traits<char>::assign(char &, char const &)
                         0x800'54d9     0x6  Code  Gb  USART.o [1]
std::char_traits<char>::assign(char *, unsigned int, char)
                         0x800'5843    0x10  Code  Gb  USART.o [1]
std::char_traits<char>::compare(char const *, char const *, unsigned int)
                         0x800'53a5    0x10  Code  Gb  HID.o [1]
std::char_traits<char>::copy(char *, char const *, unsigned int)
                         0x800'4f31    0x12  Code  Gb  USART.o [1]
std::char_traits<char>::find(char const *, unsigned int, char const &)
                         0x800'538f    0x16  Code  Gb  HID.o [1]
std::char_traits<char>::length(char const *)
                         0x800'521d    0x12  Code  Gb  USART.o [1]
std::char_traits<char>::move(char *, char const *, unsigned int)
                         0x800'53bf    0x12  Code  Gb  USART.o [1]
std::pointer_traits<char *>::pointer_to(char &)
                         0x800'5827     0x8  Code  Gb  USART.o [1]
std::remove_reference<char *&>::type && std::move<char *&>(char *& &&)
                         0x800'575b     0x2  Code  Gb  USART.o [1]
std::string::_Chassign(unsigned int, unsigned int, char)
                         0x800'57b5    0x2a  Code  Gb  USART.o [1]
std::string::_Copy(unsigned int, unsigned int)
                         0x800'53e9    0xd6  Code  Gb  USART.o [1]
std::string::_Eos(unsigned int)
                         0x800'4f43    0x28  Code  Gb  USART.o [1]
std::string::_Grow(unsigned int, bool)
                         0x800'4eab    0x7a  Code  Gb  USART.o [1]
std::string::_Inside(char const *)
                         0x800'5617    0x32  Code  Gb  USART.o [1]
std::string::_Tidy(bool, unsigned int)
                         0x800'49d9    0x7a  Code  Gb  USART.o [1]
std::string::append(char const *)
                         0x800'4d1f    0x18  Code  Gb  USART.o [1]
std::string::append(char const *, unsigned int)
                         0x800'522f    0x86  Code  Gb  USART.o [1]
std::string::append(const std::string&)
                         0x800'4d11     0xe  Code  Gb  USART.o [1]
std::string::append(const std::string&, unsigned int, unsigned int)
                         0x800'518d    0x90  Code  Gb  USART.o [1]
std::string::assign(char const *)
                         0x800'4d37    0x18  Code  Gb  USART.o [1]
std::string::assign(char const *, unsigned int)
                         0x800'52b5    0x52  Code  Gb  USART.o [1]
std::string::assign(const std::string&)
                         0x800'4fab     0xe  Code  Gb  HID.o [1]
std::string::assign(const std::string&, unsigned int, unsigned int)
                         0x800'44b7    0x7c  Code  Gb  USART.o [1]
std::string::basic_string()
                         0x800'3ac9    0x1a  Code  Gb  HID.o [1]
std::string::basic_string(char const *)
                         0x800'443f    0x24  Code  Gb  USART.o [1]
std::string::basic_string(const std::string&)
                         0x800'4533    0x3a  Code  Gb  USART.o [1]
std::string::begin()     0x800'553b    0x20  Code  Gb  USART.o [1]
std::string::clear()     0x800'456d     0xa  Code  Gb  USART.o [1]
std::string::compare(char const *) const
                         0x800'4d4f    0x24  Code  Gb  HID.o [1]
std::string::compare(unsigned int, unsigned int, char const *, unsigned int) const
                         0x800'5307    0x6e  Code  Gb  HID.o [1]
std::string::end()       0x800'5125    0x2c  Code  Gb  USART.o [1]
std::string::erase(unsigned int)
                         0x800'4e1d    0x22  Code  Gb  USART.o [1]
std::string::erase(unsigned int, unsigned int)
                         0x800'4e3f    0x6c  Code  Gb  USART.o [1]
std::string::find(char const *, unsigned int, unsigned int) const
                         0x800'4d89    0x94  Code  Gb  HID.o [1]
std::string::find(const std::string&, unsigned int) const
                         0x800'4493    0x24  Code  Gb  HID.o [1]
std::string::insert(std::_String_const_iterator<std::_String_val<std::_Simple_types<char>>>, char)
                         0x800'5151    0x3c  Code  Gb  USART.o [1]
std::string::insert(unsigned int, unsigned int, char)
                         0x800'5571    0x96  Code  Gb  USART.o [1]
std::string::length() const
                         0x800'4d07     0xa  Code  Gb  USART.o [1]
std::string::max_size() const
                         0x800'53d1    0x18  Code  Gb  USART.o [1]
std::string::operator =(char const *)
                         0x800'4855     0x8  Code  Gb  HID.o [1]
std::string::operator =(const std::string&)
                         0x800'494f    0x2a  Code  Gb  HID.o [1]
std::string::push_back(char)
                         0x800'4ced    0x1a  Code  Gb  USART.o [1]
std::string::size() const
                         0x800'4489     0xa  Code  Gb  USART.o [1]
std::string::~basic_string()
                         0x800'4463    0x12  Code  Gb  USART.o [1]
strchr                   0x800'27ad          Code  Gb  strchr.o [5]
strlen                   0x800'280d          Code  Gb  strlen.o [5]
ucHeap                  0x2000'0088  0x4400  Data  Lc  heap_2.o [1]
uxCriticalNesting       0x2000'0004     0x4  Data  Lc  port.o [1]
uxCurrentNumberOfTasks  0x2000'4944     0x4  Data  Lc  tasks.o [1]
uxDeletedTasksWaitingCleanUp
                        0x2000'4940     0x4  Data  Lc  tasks.o [1]
uxListRemove             0x800'4be3    0x26  Code  Gb  list.o [1]
uxSchedulerSuspended    0x2000'496c     0x4  Data  Lc  tasks.o [1]
uxTaskNumber            0x2000'4960     0x4  Data  Lc  tasks.o [1]
uxTopReadyPriority      0x2000'494c     0x4  Data  Lc  tasks.o [1]
vListInitialise          0x800'4b71    0x1e  Code  Gb  list.o [1]
vListInitialiseItem      0x800'4b8f     0x6  Code  Gb  list.o [1]
vListInsert              0x800'4bad    0x36  Code  Gb  list.o [1]
vListInsertEnd           0x800'4b95    0x18  Code  Gb  list.o [1]
vPortEnterCritical       0x800'4c5f    0x18  Code  Gb  port.o [1]
vPortExitCritical        0x800'4c77    0x16  Code  Gb  port.o [1]
vPortFree                0x800'4afd    0x3c  Code  Gb  heap_2.o [1]
vPortStartFirstTask      0x800'5103          Code  Gb  portasm.o [1]
vTaskCMD_Parser(void *)
                         0x800'595d     0xa  Code  Gb  main.o [1]
vTaskDelay               0x800'3c81    0x32  Code  Gb  tasks.o [1]
vTaskStartScheduler      0x800'3cb3    0x4e  Code  Gb  tasks.o [1]
vTaskSuspendAll          0x800'3d01     0xc  Code  Gb  tasks.o [1]
vTaskSwitchContext       0x800'3ebf    0x56  Code  Gb  tasks.o [1]
void std::_Deallocate<char>(char *, unsigned int)
                         0x800'5791     0x8  Code  Gb  USART.o [1]
void std::_Wrap_alloc<std::allocator<char>>::construct<char *, char *>(char * *, char * &&...)
                         0x800'575d    0x18  Code  Gb  USART.o [1]
void std::_Wrap_alloc<std::allocator<char>>::destroy<char *>(char * *)
                         0x800'5083     0x8  Code  Gb  USART.o [1]
void std::allocator<char>::construct<char *, char *>(char * *, char * &&...)
                         0x800'5873    0x20  Code  Gb  USART.o [1]
void std::allocator<char>::destroy<char *>(char * *)
                         0x800'578f     0x2  Code  Gb  USART.o [1]
void std::allocator_traits<std::allocator<char>>::construct<char *, char *>(std::allocator<char>&, char * *, char * &&...)
                         0x800'5805    0x18  Code  Gb  USART.o [1]
void std::allocator_traits<std::allocator<char>>::destroy<char *>(std::allocator<char>&, char * *)
                         0x800'550b     0x8  Code  Gb  USART.o [1]
xDelayedTaskList1       0x2000'48bc    0x14  Data  Lc  tasks.o [1]
xDelayedTaskList2       0x2000'48d0    0x14  Data  Lc  tasks.o [1]
xEnd                    0x2000'4928     0x8  Data  Lc  heap_2.o [1]
xFreeBytesRemaining     0x2000'0000     0x4  Data  Lc  heap_2.o [1]
xIdleTaskHandle         0x2000'4968     0x4  Data  Lc  tasks.o [1]
xNextTaskUnblockTime    0x2000'4964     0x4  Data  Lc  tasks.o [1]
xNumOfOverflows         0x2000'495c     0x4  Data  Lc  tasks.o [1]
xPendedTicks            0x2000'4954     0x4  Data  Lc  tasks.o [1]
xPendingReadyList       0x2000'48e4    0x14  Data  Lc  tasks.o [1]
xPortStartScheduler      0x800'4c39    0x26  Code  Gb  port.o [1]
xSchedulerRunning       0x2000'4950     0x4  Data  Lc  tasks.o [1]
xStart                  0x2000'4920     0x8  Data  Lc  heap_2.o [1]
xSuspendedTaskList      0x2000'490c    0x14  Data  Lc  tasks.o [1]
xTaskCreate              0x800'3ae5    0x6c  Code  Gb  tasks.o [1]
xTaskIncrementTick       0x800'3ddb    0xe4  Code  Gb  tasks.o [1]
xTaskResumeAll           0x800'3d0d    0xce  Code  Gb  tasks.o [1]
xTasksWaitingTermination
                        0x2000'48f8    0x14  Data  Lc  tasks.o [1]
xTickCount              0x2000'4948     0x4  Data  Lc  tasks.o [1]
xYieldPending           0x2000'4958     0x4  Data  Lc  tasks.o [1]


[1] = D:\Radio\new Job\myProject\Debug\Obj
[2] = dl7M_tlf.a
[3] = dlpp7M_tl_fc.a
[4] = m7M_tl.a
[5] = rt7M_tl.a
[6] = shb_l.a

  24'121 bytes of readonly  code memory
     218 bytes of readonly  data memory
  27'432 bytes of readwrite data memory

Errors: none
Warnings: none
